// Jest Snapshot v1, https://goo.gl/fbAQLP

exports[`with typescript 1`] = `
{
  "promise/always-return": "off",
  "promise/avoid-new": "off",
  "promise/catch-or-return": "off",
  "promise/no-callback-in-promise": "off",
  "promise/no-native": "off",
  "promise/no-nesting": "warn",
  "promise/no-new-statics": "error",
  "promise/no-promise-in-callback": "warn",
  "promise/no-return-in-finally": "warn",
  "promise/no-return-wrap": "error",
  "promise/param-names": "warn",
  "promise/prefer-await-to-callbacks": "warn",
  "promise/prefer-await-to-then": "warn",
  "promise/valid-params": "off",
}
`;
